core_cm4.h:1667:26:__NVIC_GetPriorityGrouping	4	static
core_cm4.h:1679:22:__NVIC_EnableIRQ	16	static,ignoring_inline_asm
core_cm4.h:1809:22:__NVIC_SetPriority	16	static
core_cm4.h:1856:26:NVIC_EncodePriority	40	static
stm32l4xx_ll_usart.h:687:22:LL_USART_Enable	16	static
stm32l4xx_ll_usart.h:2804:22:LL_USART_ConfigAsyncMode	16	static
stm32l4xx_ll_usart.h:3142:26:LL_USART_IsActiveFlag_RXNE	16	static
stm32l4xx_ll_usart.h:3183:26:LL_USART_IsActiveFlag_TXE	16	static
stm32l4xx_ll_usart.h:3669:22:LL_USART_EnableIT_RXNE	40	static,ignoring_inline_asm
stm32l4xx_ll_usart.h:3710:22:LL_USART_EnableIT_TXE	40	static,ignoring_inline_asm
stm32l4xx_ll_usart.h:3964:22:LL_USART_DisableIT_TXE	40	static,ignoring_inline_asm
stm32l4xx_ll_usart.h:4545:25:LL_USART_ReceiveData8	16	static
stm32l4xx_ll_usart.h:4568:22:LL_USART_TransmitData8	16	static
stm32l4xx_ll_bus.h:563:22:LL_AHB2_GRP1_EnableClock	24	static
stm32l4xx_ll_bus.h:1087:22:LL_APB1_GRP1_EnableClock	24	static
stm32l4xx_ll_bus.h:1673:22:LL_APB2_GRP1_EnableClock	24	static
main.c:87:6:USART_1_IRQHandler	24	static,ignoring_inline_asm
main.c:120:6:USART_2_IRQHandler	24	static,ignoring_inline_asm
main.c:152:6:sendchar	16	static
main.c:161:6:sendString	16	static
main.c:168:6:readchar	24	static
main.c:177:9:readVoltageLdr	8	static
main.c:183:9:readVoltagePotenciometro	8	static
main.c:189:6:piscarLed	8	static
main.c:196:6:ldr	24	static
main.c:206:6:potenciometro	32	static
main.c:239:5:main	56	static
main.c:324:6:SystemClock_Config	96	static
main.c:371:6:PeriphCommonClock_Config	144	static
main.c:397:13:MX_ADC1_Init	48	static
main.c:461:13:MX_ADC2_Init	32	static
main.c:517:13:MX_TIM2_Init	64	static
main.c:576:13:MX_TIM3_Init	40	static
main.c:621:13:MX_USART1_UART_Init	200	static
main.c:690:13:MX_USART2_UART_Init	200	static
main.c:759:13:MX_GPIO_Init	48	static
main.c:804:6:user_pwm_setvalue	48	static
main.c:825:6:StartDefaultTask	16	static
main.c:844:6:HAL_TIM_PeriodElapsedCallback	16	static
main.c:863:6:Error_Handler	4	static,ignoring_inline_asm
