stm32l4xx_it.c:74:6:NMI_Handler	4	static
stm32l4xx_it.c:89:6:HardFault_Handler	4	static
stm32l4xx_it.c:104:6:MemManage_Handler	4	static
stm32l4xx_it.c:119:6:BusFault_Handler	4	static
stm32l4xx_it.c:134:6:UsageFault_Handler	4	static
stm32l4xx_it.c:149:6:DebugMon_Handler	4	static
stm32l4xx_it.c:169:6:ADC1_2_IRQHandler	8	static
stm32l4xx_it.c:184:6:TIM1_UP_TIM16_IRQHandler	8	static
stm32l4xx_it.c:198:6:TIM3_IRQHandler	8	static
stm32l4xx_it.c:212:6:USART1_IRQHandler	8	static
stm32l4xx_it.c:225:6:USART2_IRQHandler	8	static
